
R version 4.0.2 (2020-06-22) -- "Taking Off Again"
Copyright (C) 2020 The R Foundation for Statistical Computing
Platform: x86_64-apple-darwin17.0 (64-bit)

R is free software and comes with ABSOLUTELY NO WARRANTY.
You are welcome to redistribute it under certain conditions.
Type 'license()' or 'licence()' for distribution details.

  Natural language support but running in an English locale

R is a collaborative project with many contributors.
Type 'contributors()' for more information and
'citation()' on how to cite R or R packages in publications.

Type 'demo()' for some demos, 'help()' for on-line help, or
'help.start()' for an HTML browser interface to help.
Type 'q()' to quit R.

> # TOP COMMANDS -----
> # https://www.understandingsociety.ac.uk/documentation/mainstage/dataset-documentation/index/
> # https://stackoverflow.com/questions/7505547/detach-all-packages-while-working-in-r
> detachAllPackages <- function() {
+         basic.packages <- c("package:stats","package:graphics","package:grDevices","package:utils","package:datasets","package:methods","package:base")
+         package.list <- search()[ifelse(unlist(gregexpr("package:",search()))==1,TRUE,FALSE)]
+         package.list <- setdiff(package.list,basic.packages)
+         if (length(package.list)>0)  for (package in package.list) detach(package,character.only=TRUE)
+         
+ }
> detachAllPackages()
> rm(list=ls(all=TRUE))
> 
> # FOLDERS
> setwd("/Users/jonathanlatner/Google Drive/SECCOPA/")
> # setwd("C:/Users/ba1ks6/Google Drive/SECCOPA/")
> 
> data_files = "projects/mobility/data_files/"
> tables = "projects/mobility/tables/"
> results = "projects/mobility/results/"
> 
> # LIBRARY
> library(tidyverse)
── Attaching packages ─────────────────────────────────────── tidyverse 1.3.0 ──
✔ ggplot2 3.3.2     ✔ purrr   0.3.4
✔ tibble  3.0.6     ✔ dplyr   1.0.4
✔ tidyr   1.1.2     ✔ stringr 1.4.0
✔ readr   1.3.1     ✔ forcats 0.5.0
── Conflicts ────────────────────────────────────────── tidyverse_conflicts() ──
✖ dplyr::filter() masks stats::filter()
✖ dplyr::lag()    masks stats::lag()
> library(feisr)
> library(texreg)
Version:  1.37.5
Date:     2020-06-17
Author:   Philip Leifeld (University of Essex)

Consider submitting praise using the praise or praise_interactive functions.
Please cite the JSS article in your publications -- see citation("texreg").

Attaching package: ‘texreg’

The following object is masked from ‘package:tidyr’:

    extract

> library(dummies)
dummies-1.5.6 provided by Decision Patterns

> library(beepr)
> 
> options(scipen = 999) # disable scientific notation
> 
> # load data -----
> 
> df_sample_0 <- readRDS(paste0(data_files,"df_sample_clean.rds")) 
> 
> # clean data -----
> 
> df_sample_1 <- df_sample_0 %>%
+         # filter(country == "DE" | country == "AU" | country == "IT")
+         select(country,pid,year,ln_hourly_wage,unmp,temp,perm,matches("event_4")) %>%
+         mutate(post_event_4 = ifelse(post_event_4 > 5, yes = 5, no = post_event_4))
> 
> df_dummy <- dummy(x = df_sample_1$post_event_4,sep = "_")
Warning message:
In model.matrix.default(~x - 1, model.frame(~x - 1), contrasts = FALSE) :
  non-list contrasts argument ignored
> df_sample_1 <- cbind(df_sample_1,df_dummy)
> 
> df_test <- filter(df_sample_1, event_4_yes == 1 & country == "DE")
> 
> # prepare for output ----
> 
> country <- c("DE")
> df_output = data.frame() # output
> df_model_yhat <- data.frame()
> 
> # model 1  ----
> 
> iv_vars = c("pre_event_4",
+          "event_4", 
+          "post_event_4_1", "post_event_4_2", "post_event_4_3", "post_event_4_4", "post_event_4_5"
+ )
> 
> # annual data
> for(c in country) {
+         print(c)
+         df_country <- df_sample_1
+         
+         df_country <- df_country %>%
+         filter(country == c)
+ 
+         # create year variables
+         df_dummy <- dummy(x = df_country$year,sep = "")
+         df_country <- cbind(df_country,df_dummy)
+ 
+         year <- sort(unique(df_country$year))
+         year_vars = c()
+         for(y in year) {
+                 year_vars <- c(year_vars,paste0("year",as.character(y)))
+         }
+         remove <- c(year_vars[1]) # drop baseline
+         year_vars <- year_vars [! year_vars %in% remove]
+         year_vars
+ 
+         # create independent variables
+         vars <- c(iv_vars,year_vars)
+ 
+         iv_all = c()
+         for (v in vars) {
+                 iv_all <- paste(iv_all,v,"+")
+         }
+         iv_all <- sub("..$", "", iv_all)
+         iv_all
+         
+         # model
+         df_country <- data.frame(df_country)
+         model <- feis(as.formula(paste0("ln_hourly_wage ~ ",iv_all,"| 1")),
+                         data = df_country, 
+                         id = "pid")
+ 
+         # output <- data.frame(model$coefficients)
+         # colnames(output) <- "estimate"
+         # output$std.error <- coef(summary(model))[,"Std. Error"]
+         # output$country <- c
+         # output$study_period <- y
+         # output$model <- "event1_feif_post_pre"
+         # output$term <- row.names(output)
+         # output$r2 <- summary(model)$r.squared[1]
+         # rownames(df_output) <- c()
+         # output$term <- gsub(pattern = "factor(period)",replacement = "period_",output$term,fixed = TRUE)
+         # df_output <- rbind(df_output,output)
+         
+         # predict
+         yhat_neg_1 <- data.frame(predict(object = model,
+                                          se.fit = TRUE,
+                                          newdata = data.frame(pre_event_4=1,
+                                                               event_4=0,
+                                                               post_event_4_1=0,post_event_4_2=0,post_event_4_3=0,post_event_4_4=0,post_event_4_5=0,
+                                                               year2001=0,year2002=0,year2003=0,year2004=0,year2005=0,year2006=0,year2007=0,year2008=0,year2009=0,year2010=0,
+                                                               year2011=0,year2012=0,year2013=0,year2014=0,year2015=0,year2016=0,year2017=0,year2018=0
+                                          ))) %>%
+                 select(fit,se.fit)
+         yhat_neg_1$post <- -1
+ 
+         yhat_0 <- data.frame(predict(object = model,
+                                      se.fit = TRUE,
+                                      newdata = data.frame(pre_event_4=0,
+                                                           event_4=1,
+                                                           post_event_4_1=0,post_event_4_2=0,post_event_4_3=0,post_event_4_4=0,post_event_4_5=0,
+                                                           year2001=0,year2002=0,year2003=0,year2004=0,year2005=0,year2006=0,year2007=0,year2008=0,year2009=0,year2010=0,
+                                                           year2011=0,year2012=0,year2013=0,year2014=0,year2015=0,year2016=0,year2017=0,year2018=0
+                                      ))) %>%
+                 select(fit,se.fit)
+         yhat_0$post <- 0
+         
+         yhat_1 <- data.frame(predict(object = model,
+                                      se.fit = TRUE,
+                                      newdata = data.frame(pre_event_4=0,
+                                                           event_4=0,
+                                                           post_event_4_1=1,post_event_4_2=0,post_event_4_3=0,post_event_4_4=0,post_event_4_5=0,
+                                                           year2001=0,year2002=0,year2003=0,year2004=0,year2005=0,year2006=0,year2007=0,year2008=0,year2009=0,year2010=0,
+                                                           year2011=0,year2012=0,year2013=0,year2014=0,year2015=0,year2016=0,year2017=0,year2018=0
+                                      ))) %>%
+                 select(fit,se.fit)
+         yhat_1$post <- 1
+         
+         yhat_2 <- data.frame(predict(object = model,
+                                      se.fit = TRUE,
+                                      newdata = data.frame(pre_event_4=0,
+                                                           event_4=0,
+                                                           post_event_4_1=0,post_event_4_2=1,post_event_4_3=0,post_event_4_4=0,post_event_4_5=0,
+                                                           year2001=0,year2002=0,year2003=0,year2004=0,year2005=0,year2006=0,year2007=0,year2008=0,year2009=0,year2010=0,
+                                                           year2011=0,year2012=0,year2013=0,year2014=0,year2015=0,year2016=0,year2017=0,year2018=0
+                                      ))) %>%
+                 select(fit,se.fit)
+         yhat_2$post <- 2
+         
+         
+         yhat_3 <- data.frame(predict(object = model,
+                                      se.fit = TRUE,
+                                      newdata = data.frame(pre_event_4=0,
+                                                           event_4=0,
+                                                           post_event_4_1=0,post_event_4_2=0,post_event_4_3=1,post_event_4_4=0,post_event_4_5=0,
+                                                           year2001=0,year2002=0,year2003=0,year2004=0,year2005=0,year2006=0,year2007=0,year2008=0,year2009=0,year2010=0,
+                                                           year2011=0,year2012=0,year2013=0,year2014=0,year2015=0,year2016=0,year2017=0,year2018=0
+                                      ))) %>%
+                 select(fit,se.fit)
+         yhat_3$post <- 3
+         
+         yhat_4 <- data.frame(predict(object = model,
+                                      se.fit = TRUE,
+                                      newdata = data.frame(pre_event_4=0,
+                                                           event_4=0,
+                                                           post_event_4_1=0,post_event_4_2=0,post_event_4_3=0,post_event_4_4=1,post_event_4_5=0,
+                                                           year2001=0,year2002=0,year2003=0,year2004=0,year2005=0,year2006=0,year2007=0,year2008=0,year2009=0,year2010=0,
+                                                           year2011=0,year2012=0,year2013=0,year2014=0,year2015=0,year2016=0,year2017=0,year2018=0
+                                      ))) %>%
+                 select(fit,se.fit)
+         yhat_4$post <- 4
+         
+         yhat <- rbind(yhat_neg_1,yhat_0,yhat_1,yhat_2,yhat_3,yhat_4)        
+         yhat$country <- c
+         yhat$model <- 1
+         df_model_yhat <- rbind(df_model_yhat,yhat)
+         rm(yhat,yhat_neg_1,yhat_0,yhat_1,yhat_2,yhat_3,yhat_4,v,y,year,year_vars,remove)
+ }
[1] "DE"
Warning message:
In model.matrix.default(~x - 1, model.frame(~x - 1), contrasts = FALSE) :
  non-list contrasts argument ignored
> 
> model_1 <- model
> 
> # model 2  ----
> 
> iv_vars = c("unmp",
+         "pre_event_4",
+             "event_4", 
+             "post_event_4_1", "post_event_4_2", "post_event_4_3", "post_event_4_4", "post_event_4_5"
+ )
> 
> # annual data
> for(c in country) {
+         print(c)
+         df_country <- df_sample_1
+         
+         df_country <- df_country %>%
+                 filter(country == c)
+         
+         # create year variables
+         df_dummy <- dummy(x = df_country$year,sep = "")
+         df_country <- cbind(df_country,df_dummy)
+         
+         year <- sort(unique(df_country$year))
+         year_vars = c()
+         for(y in year) {
+                 year_vars <- c(year_vars,paste0("year",as.character(y)))
+         }
+         remove <- c(year_vars[1]) # drop baseline
+         year_vars <- year_vars [! year_vars %in% remove]
+         year_vars
+         
+         # create independent variables
+         vars <- c(iv_vars,year_vars)
+         
+         iv_all = c()
+         for (v in vars) {
+                 iv_all <- paste(iv_all,v,"+")
+         }
+         iv_all <- sub("..$", "", iv_all)
+         iv_all
+         
+         # model
+         df_country <- data.frame(df_country)
+         model <- feis(as.formula(paste0("ln_hourly_wage ~ ",iv_all,"| 1")),
+                       data = df_country, 
+                       id = "pid")
+         
+         # output <- data.frame(model$coefficients)
+         # colnames(output) <- "estimate"
+         # output$std.error <- coef(summary(model))[,"Std. Error"]
+         # output$country <- c
+         # output$study_period <- y
+         # output$model <- "event1_feif_post_pre"
+         # output$term <- row.names(output)
+         # output$r2 <- summary(model)$r.squared[1]
+         # rownames(df_output) <- c()
+         # output$term <- gsub(pattern = "factor(period)",replacement = "period_",output$term,fixed = TRUE)
+         # df_output <- rbind(df_output,output)
+         
+         # predict
+         yhat_neg_1 <- data.frame(predict(object = model,
+                                          se.fit = TRUE,
+                                          newdata = data.frame(unmp=0,
+                                                               pre_event_4=0,
+                                                               event_4=1,
+                                                               post_event_4_1=0,post_event_4_2=0,post_event_4_3=0,post_event_4_4=0,post_event_4_5=0,
+                                                               year2001=0,year2002=0,year2003=0,year2004=0,year2005=0,year2006=0,year2007=0,year2008=0,year2009=0,year2010=0,
+                                                               year2011=0,year2012=0,year2013=0,year2014=0,year2015=0,year2016=0,year2017=0,year2018=0
+                                          ))) %>%
+                 select(fit,se.fit)
+         yhat_neg_1$post <- -1
+         
+         yhat_0 <- data.frame(predict(object = model,
+                                      se.fit = TRUE,
+                                      newdata = data.frame(unmp=0,
+                                                           pre_event_4=0,
+                                                           event_4=1,
+                                                           post_event_4_1=0,post_event_4_2=0,post_event_4_3=0,post_event_4_4=0,post_event_4_5=0,
+                                                           year2001=0,year2002=0,year2003=0,year2004=0,year2005=0,year2006=0,year2007=0,year2008=0,year2009=0,year2010=0,
+                                                           year2011=0,year2012=0,year2013=0,year2014=0,year2015=0,year2016=0,year2017=0,year2018=0
+                                      ))) %>%
+                 select(fit,se.fit)
+         yhat_0$post <- 0
+         
+         yhat_1 <- data.frame(predict(object = model,
+                                      se.fit = TRUE,
+                                      newdata = data.frame(unmp=0,
+                                                           pre_event_4=0,
+                                                           event_4=0,
+                                                           post_event_4_1=1,post_event_4_2=0,post_event_4_3=0,post_event_4_4=0,post_event_4_5=0,
+                                                           year2001=0,year2002=0,year2003=0,year2004=0,year2005=0,year2006=0,year2007=0,year2008=0,year2009=0,year2010=0,
+                                                           year2011=0,year2012=0,year2013=0,year2014=0,year2015=0,year2016=0,year2017=0,year2018=0
+                                      ))) %>%
+                 select(fit,se.fit)
+         yhat_1$post <- 1
+         
+         yhat_2 <- data.frame(predict(object = model,
+                                      se.fit = TRUE,
+                                      newdata = data.frame(unmp=0,
+                                                           pre_event_4=0,
+                                                           event_4=0,
+                                                           post_event_4_1=0,post_event_4_2=1,post_event_4_3=0,post_event_4_4=0,post_event_4_5=0,
+                                                           year2001=0,year2002=0,year2003=0,year2004=0,year2005=0,year2006=0,year2007=0,year2008=0,year2009=0,year2010=0,
+                                                           year2011=0,year2012=0,year2013=0,year2014=0,year2015=0,year2016=0,year2017=0,year2018=0
+                                      ))) %>%
+                 select(fit,se.fit)
+         yhat_2$post <- 2
+         
+         
+         yhat_3 <- data.frame(predict(object = model,
+                                      se.fit = TRUE,
+                                      newdata = data.frame(unmp=0,
+                                                           pre_event_4=0,
+                                                           event_4=0,
+                                                           post_event_4_1=0,post_event_4_2=0,post_event_4_3=1,post_event_4_4=0,post_event_4_5=0,
+                                                           year2001=0,year2002=0,year2003=0,year2004=0,year2005=0,year2006=0,year2007=0,year2008=0,year2009=0,year2010=0,
+                                                           year2011=0,year2012=0,year2013=0,year2014=0,year2015=0,year2016=0,year2017=0,year2018=0
+                                      ))) %>%
+                 select(fit,se.fit)
+         yhat_3$post <- 3
+         
+         yhat_4 <- data.frame(predict(object = model,
+                                      se.fit = TRUE,
+                                      newdata = data.frame(unmp=0,
+                                                           pre_event_4=0,
+                                                           event_4=0,
+                                                           post_event_4_1=0,post_event_4_2=0,post_event_4_3=0,post_event_4_4=1,post_event_4_5=0,
+                                                           year2001=0,year2002=0,year2003=0,year2004=0,year2005=0,year2006=0,year2007=0,year2008=0,year2009=0,year2010=0,
+                                                           year2011=0,year2012=0,year2013=0,year2014=0,year2015=0,year2016=0,year2017=0,year2018=0
+                                      ))) %>%
+                 select(fit,se.fit)
+         yhat_4$post <- 4
+         
+         yhat <- rbind(yhat_neg_1,yhat_0,yhat_1,yhat_2,yhat_3,yhat_4)        
+         yhat$country <- c
+         yhat$model <- 2
+         df_model_yhat <- rbind(df_model_yhat,yhat)
+         rm(yhat,yhat_neg_1,yhat_0,yhat_1,yhat_2,yhat_3,yhat_4,v,y,year,year_vars,remove)
+ }
[1] "DE"
Warning message:
In model.matrix.default(~x - 1, model.frame(~x - 1), contrasts = FALSE) :
  non-list contrasts argument ignored
> 
> model_2 <- model
> 
> # model 3  ----
> 
> iv_vars = c("unmp","temp",
+             "pre_event_4",
+             "event_4", 
+             "post_event_4_1", "post_event_4_2", "post_event_4_3", "post_event_4_4", "post_event_4_5"
+ )
> 
> # annual data
> for(c in country) {
+         print(c)
+         df_country <- df_sample_1
+         
+         df_country <- df_country %>%
+                 filter(country == c)
+         
+         # create year variables
+         df_dummy <- dummy(x = df_country$year,sep = "")
+         df_country <- cbind(df_country,df_dummy)
+         
+         year <- sort(unique(df_country$year))
+         year_vars = c()
+         for(y in year) {
+                 year_vars <- c(year_vars,paste0("year",as.character(y)))
+         }
+         remove <- c(year_vars[1]) # drop baseline
+         year_vars <- year_vars [! year_vars %in% remove]
+         year_vars
+         
+         # create independent variables
+         vars <- c(iv_vars,year_vars)
+         
+         iv_all = c()
+         for (v in vars) {
+                 iv_all <- paste(iv_all,v,"+")
+         }
+         iv_all <- sub("..$", "", iv_all)
+         iv_all
+         
+         # model
+         df_country <- data.frame(df_country)
+         model <- feis(as.formula(paste0("ln_hourly_wage ~ ",iv_all,"| 1")),
+                       data = df_country, 
+                       id = "pid")
+ 
+         # output <- data.frame(model$coefficients)
+         # colnames(output) <- "estimate"
+         # output$std.error <- coef(summary(model))[,"Std. Error"]
+         # output$country <- c
+         # output$study_period <- y
+         # output$model <- "event1_feif_post_pre"
+         # output$term <- row.names(output)
+         # output$r2 <- summary(model)$r.squared[1]
+         # rownames(df_output) <- c()
+         # output$term <- gsub(pattern = "factor(period)",replacement = "period_",output$term,fixed = TRUE)
+         # df_output <- rbind(df_output,output)
+         
+         # predict
+         yhat_neg_1 <- data.frame(predict(object = model,
+                                          se.fit = TRUE,
+                                          newdata = data.frame(unmp=0,temp=0,
+                                                               pre_event_4=1,
+                                                               event_4=0,
+                                                               post_event_4_1=0,post_event_4_2=0,post_event_4_3=0,post_event_4_4=0,post_event_4_5=0,
+                                                               year2001=0,year2002=0,year2003=0,year2004=0,year2005=0,year2006=0,year2007=0,year2008=0,year2009=0,year2010=0,
+                                                               year2011=0,year2012=0,year2013=0,year2014=0,year2015=0,year2016=0,year2017=0,year2018=0
+                                          ))) %>%
+                 select(fit,se.fit)
+         yhat_neg_1$post <- -1
+         
+         yhat_0 <- data.frame(predict(object = model,
+                                      se.fit = TRUE,
+                                      newdata = data.frame(unmp=0,temp=1,
+                                                           pre_event_4=0,
+                                                           event_4=1,
+                                                           post_event_4_1=0,post_event_4_2=0,post_event_4_3=0,post_event_4_4=0,post_event_4_5=0,
+                                                           year2001=0,year2002=0,year2003=0,year2004=0,year2005=0,year2006=0,year2007=0,year2008=0,year2009=0,year2010=0,
+                                                           year2011=0,year2012=0,year2013=0,year2014=0,year2015=0,year2016=0,year2017=0,year2018=0
+                                      ))) %>%
+                 select(fit,se.fit)
+         yhat_0$post <- 0
+         
+         yhat_1 <- data.frame(predict(object = model,
+                                      se.fit = TRUE,
+                                      newdata = data.frame(unmp=0,temp=0,
+                                                           pre_event_4=0,
+                                                           event_4=0,
+                                                           post_event_4_1=1,post_event_4_2=0,post_event_4_3=0,post_event_4_4=0,post_event_4_5=0,
+                                                           year2001=0,year2002=0,year2003=0,year2004=0,year2005=0,year2006=0,year2007=0,year2008=0,year2009=0,year2010=0,
+                                                           year2011=0,year2012=0,year2013=0,year2014=0,year2015=0,year2016=0,year2017=0,year2018=0
+                                      ))) %>%
+                 select(fit,se.fit)
+         yhat_1$post <- 1
+         
+         yhat_2 <- data.frame(predict(object = model,
+                                      se.fit = TRUE,
+                                      newdata = data.frame(unmp=0,temp=0,
+                                                           pre_event_4=0,
+                                                           event_4=0,
+                                                           post_event_4_1=0,post_event_4_2=1,post_event_4_3=0,post_event_4_4=0,post_event_4_5=0,
+                                                           year2001=0,year2002=0,year2003=0,year2004=0,year2005=0,year2006=0,year2007=0,year2008=0,year2009=0,year2010=0,
+                                                           year2011=0,year2012=0,year2013=0,year2014=0,year2015=0,year2016=0,year2017=0,year2018=0
+                                      ))) %>%
+                 select(fit,se.fit)
+         yhat_2$post <- 2
+         
+         
+         yhat_3 <- data.frame(predict(object = model,
+                                      se.fit = TRUE,
+                                      newdata = data.frame(unmp=0,temp=0,
+                                                           pre_event_4=0,
+                                                           event_4=0,
+                                                           post_event_4_1=0,post_event_4_2=0,post_event_4_3=1,post_event_4_4=0,post_event_4_5=0,
+                                                           year2001=0,year2002=0,year2003=0,year2004=0,year2005=0,year2006=0,year2007=0,year2008=0,year2009=0,year2010=0,
+                                                           year2011=0,year2012=0,year2013=0,year2014=0,year2015=0,year2016=0,year2017=0,year2018=0
+                                      ))) %>%
+                 select(fit,se.fit)
+         yhat_3$post <- 3
+         
+         yhat_4 <- data.frame(predict(object = model,
+                                      se.fit = TRUE,
+                                      newdata = data.frame(unmp=0,temp=0,
+                                                           pre_event_4=0,
+                                                           event_4=0,
+                                                           post_event_4_1=0,post_event_4_2=0,post_event_4_3=0,post_event_4_4=1,post_event_4_5=0,
+                                                           year2001=0,year2002=0,year2003=0,year2004=0,year2005=0,year2006=0,year2007=0,year2008=0,year2009=0,year2010=0,
+                                                           year2011=0,year2012=0,year2013=0,year2014=0,year2015=0,year2016=0,year2017=0,year2018=0
+                                      ))) %>%
+                 select(fit,se.fit)
+         yhat_4$post <- 4
+         
+         yhat <- rbind(yhat_neg_1,yhat_0,yhat_1,yhat_2,yhat_3,yhat_4)        
+         yhat$country <- c
+         yhat$model <- 3
+         df_model_yhat <- rbind(df_model_yhat,yhat)
+         rm(yhat,yhat_neg_1,yhat_0,yhat_1,yhat_2,yhat_3,yhat_4,v,y,year,year_vars,remove)
+ }
[1] "DE"
Warning message:
In model.matrix.default(~x - 1, model.frame(~x - 1), contrasts = FALSE) :
  non-list contrasts argument ignored
> 
> model_3 <- model
> 
> # model 4  ----
> 
> iv_vars = c("unmp","perm",
+             "pre_event_4",
+             "event_4", 
+             "post_event_4_1", "post_event_4_2", "post_event_4_3", "post_event_4_4", "post_event_4_5"
+ )
> 
> # annual data
> for(c in country) {
+         print(c)
+         df_country <- df_sample_1
+         
+         df_country <- df_country %>%
+                 filter(country == c)
+         
+         # create year variables
+         df_dummy <- dummy(x = df_country$year,sep = "")
+         df_country <- cbind(df_country,df_dummy)
+         
+         year <- sort(unique(df_country$year))
+         year_vars = c()
+         for(y in year) {
+                 year_vars <- c(year_vars,paste0("year",as.character(y)))
+         }
+         remove <- c(year_vars[1]) # drop baseline
+         year_vars <- year_vars [! year_vars %in% remove]
+         year_vars
+         
+         # create independent variables
+         vars <- c(iv_vars,year_vars)
+         
+         iv_all = c()
+         for (v in vars) {
+                 iv_all <- paste(iv_all,v,"+")
+         }
+         iv_all <- sub("..$", "", iv_all)
+         iv_all
+         
+         # model
+         df_country <- data.frame(df_country)
+         model <- feis(as.formula(paste0("ln_hourly_wage ~ ",iv_all,"| 1")),
+                       data = df_country, 
+                       id = "pid")
+         
+         # output <- data.frame(model$coefficients)
+         # colnames(output) <- "estimate"
+         # output$std.error <- coef(summary(model))[,"Std. Error"]
+         # output$country <- c
+         # output$study_period <- y
+         # output$model <- "event1_feif_post_pre"
+         # output$term <- row.names(output)
+         # output$r2 <- summary(model)$r.squared[1]
+         # rownames(df_output) <- c()
+         # output$term <- gsub(pattern = "factor(period)",replacement = "period_",output$term,fixed = TRUE)
+         # df_output <- rbind(df_output,output)
+         
+         # predict
+         yhat_neg_1 <- data.frame(predict(object = model,
+                                          se.fit = TRUE,
+                                          newdata = data.frame(unmp=0,perm=1,
+                                                               pre_event_4=1,
+                                                               event_4=0,
+                                                               post_event_4_1=0,post_event_4_2=0,post_event_4_3=0,post_event_4_4=0,post_event_4_5=0,
+                                                               year2001=0,year2002=0,year2003=0,year2004=0,year2005=0,year2006=0,year2007=0,year2008=0,year2009=0,year2010=0,
+                                                               year2011=0,year2012=0,year2013=0,year2014=0,year2015=0,year2016=0,year2017=0,year2018=0
+                                          ))) %>%
+                 select(fit,se.fit)
+         yhat_neg_1$post <- -1
+         
+         yhat_0 <- data.frame(predict(object = model,
+                                      se.fit = TRUE,
+                                      newdata = data.frame(unmp=0,perm=0,
+                                                           pre_event_4=0,
+                                                           event_4=1,
+                                                           post_event_4_1=0,post_event_4_2=0,post_event_4_3=0,post_event_4_4=0,post_event_4_5=0,
+                                                           year2001=0,year2002=0,year2003=0,year2004=0,year2005=0,year2006=0,year2007=0,year2008=0,year2009=0,year2010=0,
+                                                           year2011=0,year2012=0,year2013=0,year2014=0,year2015=0,year2016=0,year2017=0,year2018=0
+                                      ))) %>%
+                 select(fit,se.fit)
+         yhat_0$post <- 0
+         
+         yhat_1 <- data.frame(predict(object = model,
+                                      se.fit = TRUE,
+                                      newdata = data.frame(unmp=0,perm=0,
+                                                           pre_event_4=0,
+                                                           event_4=0,
+                                                           post_event_4_1=1,post_event_4_2=0,post_event_4_3=0,post_event_4_4=0,post_event_4_5=0,
+                                                           year2001=0,year2002=0,year2003=0,year2004=0,year2005=0,year2006=0,year2007=0,year2008=0,year2009=0,year2010=0,
+                                                           year2011=0,year2012=0,year2013=0,year2014=0,year2015=0,year2016=0,year2017=0,year2018=0
+                                      ))) %>%
+                 select(fit,se.fit)
+         yhat_1$post <- 1
+         
+         yhat_2 <- data.frame(predict(object = model,
+                                      se.fit = TRUE,
+                                      newdata = data.frame(unmp=0,perm=0,
+                                                           pre_event_4=0,
+                                                           event_4=0,
+                                                           post_event_4_1=0,post_event_4_2=1,post_event_4_3=0,post_event_4_4=0,post_event_4_5=0,
+                                                           year2001=0,year2002=0,year2003=0,year2004=0,year2005=0,year2006=0,year2007=0,year2008=0,year2009=0,year2010=0,
+                                                           year2011=0,year2012=0,year2013=0,year2014=0,year2015=0,year2016=0,year2017=0,year2018=0
+                                      ))) %>%
+                 select(fit,se.fit)
+         yhat_2$post <- 2
+         
+         
+         yhat_3 <- data.frame(predict(object = model,
+                                      se.fit = TRUE,
+                                      newdata = data.frame(unmp=0,perm=0,
+                                                           pre_event_4=0,
+                                                           event_4=0,
+                                                           post_event_4_1=0,post_event_4_2=0,post_event_4_3=1,post_event_4_4=0,post_event_4_5=0,
+                                                           year2001=0,year2002=0,year2003=0,year2004=0,year2005=0,year2006=0,year2007=0,year2008=0,year2009=0,year2010=0,
+                                                           year2011=0,year2012=0,year2013=0,year2014=0,year2015=0,year2016=0,year2017=0,year2018=0
+                                      ))) %>%
+                 select(fit,se.fit)
+         yhat_3$post <- 3
+         
+         yhat_4 <- data.frame(predict(object = model,
+                                      se.fit = TRUE,
+                                      newdata = data.frame(unmp=0,perm=0,
+                                                           pre_event_4=0,
+                                                           event_4=0,
+                                                           post_event_4_1=0,post_event_4_2=0,post_event_4_3=0,post_event_4_4=1,post_event_4_5=0,
+                                                           year2001=0,year2002=0,year2003=0,year2004=0,year2005=0,year2006=0,year2007=0,year2008=0,year2009=0,year2010=0,
+                                                           year2011=0,year2012=0,year2013=0,year2014=0,year2015=0,year2016=0,year2017=0,year2018=0
+                                      ))) %>%
+                 select(fit,se.fit)
+         yhat_4$post <- 4
+         
+         yhat <- rbind(yhat_neg_1,yhat_0,yhat_1,yhat_2,yhat_3,yhat_4)        
+         yhat$country <- c
+         yhat$model <- 4
+         df_model_yhat <- rbind(df_model_yhat,yhat)
+         rm(yhat,yhat_neg_1,yhat_0,yhat_1,yhat_2,yhat_3,yhat_4,v,y,year,year_vars,remove)
+ }
[1] "DE"
Warning message:
In model.matrix.default(~x - 1, model.frame(~x - 1), contrasts = FALSE) :
  non-list contrasts argument ignored
> 
> model_4 <- model
> 
> # Save data sets ----
> 
> df_model_yhat$event <- 4
> 
> # write.csv(df_output,file = paste0(results,"output_event_4.csv"))
> write.csv(df_model_yhat,file = paste0(results,"yhat_event_4_country.csv"))
> 
> # table ----
> 
> screenreg(
+         list(model_1,model_2,model_3,model_4),
+         omit.coef = c("year"),
+         # omit.coef = c("year|post|pre")
+ )

============================================================================
                  Model 1        Model 2        Model 3        Model 4      
----------------------------------------------------------------------------
pre_event_4            0.20 ***      -0.03 ***      -0.06 ***      -0.06 ***
                      (0.01)         (0.01)         (0.01)         (0.01)   
event_4                0.19 ***      -0.04 ***       0.11 ***       0.11 ***
                      (0.01)         (0.01)         (0.01)         (0.01)   
post_event_4_1         0.05 **       -0.00           0.05 ***       0.05 ***
                      (0.02)         (0.01)         (0.01)         (0.01)   
post_event_4_2         0.06 **        0.01           0.02 **        0.02 ** 
                      (0.02)         (0.01)         (0.01)         (0.01)   
post_event_4_3         0.05 **       -0.00           0.01           0.01    
                      (0.02)         (0.01)         (0.01)         (0.01)   
post_event_4_4         0.07 **        0.02           0.02           0.02    
                      (0.02)         (0.01)         (0.01)         (0.01)   
post_event_4_5         0.05 **        0.01           0.01           0.01    
                      (0.02)         (0.01)         (0.01)         (0.01)   
unmp                                 -2.53 ***      -2.57 ***      -2.40 ***
                                     (0.00)         (0.00)         (0.01)   
temp                                                -0.17 ***               
                                                    (0.00)                  
perm                                                                0.17 ***
                                                                   (0.00)   
----------------------------------------------------------------------------
R^2                    0.02           0.74           0.75           0.75    
Adj. R^2               0.02           0.74           0.75           0.75    
Num. obs.         143527         143527         143527         143527       
Num. groups: pid   19958          19958          19958          19958       
RMSE                   0.53           0.27           0.27           0.27    
============================================================================
*** p < 0.001; ** p < 0.01; * p < 0.05
> 
> texreg(
+         list(model_1,model_2,model_3),
+         custom.model.names = c("Model \\ref{model_1}", "Model  \\ref{model_2}", "Model  \\ref{model_3}"),
+         file = paste0(tables,"table_event_4_country.tex"),
+         table = FALSE,
+         include.rsquared = TRUE, include.adjrs = FALSE,include.nobs = FALSE,include.rmse=FALSE,include.groups=FALSE,
+         omit.coef = c("year"))
The table was written to the file 'projects/mobility/tables/table_event_4_country.tex'.

> 
> beep()
> 
>         
> 
> proc.time()
   user  system elapsed 
181.995   7.009 248.000 
